../Drivers/STM32G0xx_HAL_Driver/Src/stm32g0xx_hal_i2c.c:533:19:HAL_I2C_Init	16	static
../Drivers/STM32G0xx_HAL_Driver/Src/stm32g0xx_hal_i2c.c:642:19:HAL_I2C_DeInit	16	static
../Drivers/STM32G0xx_HAL_Driver/Src/stm32g0xx_hal_i2c.c:686:13:HAL_I2C_MspInit	16	static
../Drivers/STM32G0xx_HAL_Driver/Src/stm32g0xx_hal_i2c.c:701:13:HAL_I2C_MspDeInit	16	static
../Drivers/STM32G0xx_HAL_Driver/Src/stm32g0xx_hal_i2c.c:1107:19:HAL_I2C_Master_Transmit	48	static
../Drivers/STM32G0xx_HAL_Driver/Src/stm32g0xx_hal_i2c.c:1237:19:HAL_I2C_Master_Receive	48	static
../Drivers/STM32G0xx_HAL_Driver/Src/stm32g0xx_hal_i2c.c:1347:19:HAL_I2C_Slave_Transmit	48	static
../Drivers/STM32G0xx_HAL_Driver/Src/stm32g0xx_hal_i2c.c:1509:19:HAL_I2C_Slave_Receive	40	static
../Drivers/STM32G0xx_HAL_Driver/Src/stm32g0xx_hal_i2c.c:1632:19:HAL_I2C_Master_Transmit_IT	48	static
../Drivers/STM32G0xx_HAL_Driver/Src/stm32g0xx_hal_i2c.c:1713:19:HAL_I2C_Master_Receive_IT	48	static
../Drivers/STM32G0xx_HAL_Driver/Src/stm32g0xx_hal_i2c.c:1775:19:HAL_I2C_Slave_Transmit_IT	24	static
../Drivers/STM32G0xx_HAL_Driver/Src/stm32g0xx_hal_i2c.c:1835:19:HAL_I2C_Slave_Receive_IT	24	static
../Drivers/STM32G0xx_HAL_Driver/Src/stm32g0xx_hal_i2c.c:1884:19:HAL_I2C_Master_Transmit_DMA	56	static
../Drivers/STM32G0xx_HAL_Driver/Src/stm32g0xx_hal_i2c.c:2032:19:HAL_I2C_Master_Receive_DMA	48	static
../Drivers/STM32G0xx_HAL_Driver/Src/stm32g0xx_hal_i2c.c:2163:19:HAL_I2C_Slave_Transmit_DMA	40	static
../Drivers/STM32G0xx_HAL_Driver/Src/stm32g0xx_hal_i2c.c:2285:19:HAL_I2C_Slave_Receive_DMA	40	static
../Drivers/STM32G0xx_HAL_Driver/Src/stm32g0xx_hal_i2c.c:2385:19:HAL_I2C_Mem_Write	48	static
../Drivers/STM32G0xx_HAL_Driver/Src/stm32g0xx_hal_i2c.c:2514:19:HAL_I2C_Mem_Read	48	static
../Drivers/STM32G0xx_HAL_Driver/Src/stm32g0xx_hal_i2c.c:2643:19:HAL_I2C_Mem_Write_IT	40	static
../Drivers/STM32G0xx_HAL_Driver/Src/stm32g0xx_hal_i2c.c:2725:19:HAL_I2C_Mem_Read_IT	40	static
../Drivers/STM32G0xx_HAL_Driver/Src/stm32g0xx_hal_i2c.c:2806:19:HAL_I2C_Mem_Write_DMA	48	static
../Drivers/STM32G0xx_HAL_Driver/Src/stm32g0xx_hal_i2c.c:2937:19:HAL_I2C_Mem_Read_DMA	48	static
../Drivers/STM32G0xx_HAL_Driver/Src/stm32g0xx_hal_i2c.c:3068:19:HAL_I2C_IsDeviceReady	48	static
../Drivers/STM32G0xx_HAL_Driver/Src/stm32g0xx_hal_i2c.c:3184:19:HAL_I2C_Master_Seq_Transmit_IT	56	static
../Drivers/STM32G0xx_HAL_Driver/Src/stm32g0xx_hal_i2c.c:3288:19:HAL_I2C_Master_Seq_Transmit_DMA	56	static
../Drivers/STM32G0xx_HAL_Driver/Src/stm32g0xx_hal_i2c.c:3467:19:HAL_I2C_Master_Seq_Receive_IT	48	static
../Drivers/STM32G0xx_HAL_Driver/Src/stm32g0xx_hal_i2c.c:3545:19:HAL_I2C_Master_Seq_Receive_DMA	56	static
../Drivers/STM32G0xx_HAL_Driver/Src/stm32g0xx_hal_i2c.c:3695:19:HAL_I2C_Slave_Seq_Transmit_IT	32	static
../Drivers/STM32G0xx_HAL_Driver/Src/stm32g0xx_hal_i2c.c:3786:19:HAL_I2C_Slave_Seq_Transmit_DMA	40	static
../Drivers/STM32G0xx_HAL_Driver/Src/stm32g0xx_hal_i2c.c:3948:19:HAL_I2C_Slave_Seq_Receive_IT	32	static
../Drivers/STM32G0xx_HAL_Driver/Src/stm32g0xx_hal_i2c.c:4039:19:HAL_I2C_Slave_Seq_Receive_DMA	40	static
../Drivers/STM32G0xx_HAL_Driver/Src/stm32g0xx_hal_i2c.c:4198:19:HAL_I2C_EnableListen_IT	16	static
../Drivers/STM32G0xx_HAL_Driver/Src/stm32g0xx_hal_i2c.c:4218:19:HAL_I2C_DisableListen_IT	24	static
../Drivers/STM32G0xx_HAL_Driver/Src/stm32g0xx_hal_i2c.c:4247:19:HAL_I2C_Master_Abort_IT	24	static
../Drivers/STM32G0xx_HAL_Driver/Src/stm32g0xx_hal_i2c.c:4302:6:HAL_I2C_EV_IRQHandler	24	static
../Drivers/STM32G0xx_HAL_Driver/Src/stm32g0xx_hal_i2c.c:4320:6:HAL_I2C_ER_IRQHandler	32	static
../Drivers/STM32G0xx_HAL_Driver/Src/stm32g0xx_hal_i2c.c:4369:13:HAL_I2C_MasterTxCpltCallback	16	static
../Drivers/STM32G0xx_HAL_Driver/Src/stm32g0xx_hal_i2c.c:4384:13:HAL_I2C_MasterRxCpltCallback	16	static
../Drivers/STM32G0xx_HAL_Driver/Src/stm32g0xx_hal_i2c.c:4398:13:HAL_I2C_SlaveTxCpltCallback	16	static
../Drivers/STM32G0xx_HAL_Driver/Src/stm32g0xx_hal_i2c.c:4413:13:HAL_I2C_SlaveRxCpltCallback	16	static
../Drivers/STM32G0xx_HAL_Driver/Src/stm32g0xx_hal_i2c.c:4430:13:HAL_I2C_AddrCallback	16	static
../Drivers/STM32G0xx_HAL_Driver/Src/stm32g0xx_hal_i2c.c:4448:13:HAL_I2C_ListenCpltCallback	16	static
../Drivers/STM32G0xx_HAL_Driver/Src/stm32g0xx_hal_i2c.c:4463:13:HAL_I2C_MemTxCpltCallback	16	static
../Drivers/STM32G0xx_HAL_Driver/Src/stm32g0xx_hal_i2c.c:4478:13:HAL_I2C_MemRxCpltCallback	16	static
../Drivers/STM32G0xx_HAL_Driver/Src/stm32g0xx_hal_i2c.c:4493:13:HAL_I2C_ErrorCallback	16	static
../Drivers/STM32G0xx_HAL_Driver/Src/stm32g0xx_hal_i2c.c:4508:13:HAL_I2C_AbortCpltCallback	16	static
../Drivers/STM32G0xx_HAL_Driver/Src/stm32g0xx_hal_i2c.c:4542:22:HAL_I2C_GetState	16	static
../Drivers/STM32G0xx_HAL_Driver/Src/stm32g0xx_hal_i2c.c:4553:21:HAL_I2C_GetMode	16	static
../Drivers/STM32G0xx_HAL_Driver/Src/stm32g0xx_hal_i2c.c:4563:10:HAL_I2C_GetError	16	static
../Drivers/STM32G0xx_HAL_Driver/Src/stm32g0xx_hal_i2c.c:4587:26:I2C_Master_ISR_IT	48	static
../Drivers/STM32G0xx_HAL_Driver/Src/stm32g0xx_hal_i2c.c:4708:26:I2C_Mem_ISR_IT	48	static
../Drivers/STM32G0xx_HAL_Driver/Src/stm32g0xx_hal_i2c.c:4829:26:I2C_Slave_ISR_IT	32	static
../Drivers/STM32G0xx_HAL_Driver/Src/stm32g0xx_hal_i2c.c:4946:26:I2C_Master_ISR_DMA	48	static
../Drivers/STM32G0xx_HAL_Driver/Src/stm32g0xx_hal_i2c.c:5055:26:I2C_Mem_ISR_DMA	48	static
../Drivers/STM32G0xx_HAL_Driver/Src/stm32g0xx_hal_i2c.c:5179:26:I2C_Slave_ISR_DMA	40	static
../Drivers/STM32G0xx_HAL_Driver/Src/stm32g0xx_hal_i2c.c:5298:26:I2C_RequestMemoryWrite	40	static
../Drivers/STM32G0xx_HAL_Driver/Src/stm32g0xx_hal_i2c.c:5350:26:I2C_RequestMemoryRead	40	static
../Drivers/STM32G0xx_HAL_Driver/Src/stm32g0xx_hal_i2c.c:5396:13:I2C_ITAddrCplt	32	static
../Drivers/STM32G0xx_HAL_Driver/Src/stm32g0xx_hal_i2c.c:5485:13:I2C_ITMasterSeqCplt	16	static
../Drivers/STM32G0xx_HAL_Driver/Src/stm32g0xx_hal_i2c.c:5535:13:I2C_ITSlaveSeqCplt	24	static
../Drivers/STM32G0xx_HAL_Driver/Src/stm32g0xx_hal_i2c.c:5599:13:I2C_ITMasterCplt	32	static
../Drivers/STM32G0xx_HAL_Driver/Src/stm32g0xx_hal_i2c.c:5725:13:I2C_ITSlaveCplt	32	static
../Drivers/STM32G0xx_HAL_Driver/Src/stm32g0xx_hal_i2c.c:5913:13:I2C_ITListenCplt	16	static
../Drivers/STM32G0xx_HAL_Driver/Src/stm32g0xx_hal_i2c.c:5961:13:I2C_ITError	24	static
../Drivers/STM32G0xx_HAL_Driver/Src/stm32g0xx_hal_i2c.c:6074:13:I2C_TreatErrorCallback	16	static
../Drivers/STM32G0xx_HAL_Driver/Src/stm32g0xx_hal_i2c.c:6108:13:I2C_Flush_TXDR	16	static
../Drivers/STM32G0xx_HAL_Driver/Src/stm32g0xx_hal_i2c.c:6126:13:I2C_DMAMasterTransmitCplt	24	static
../Drivers/STM32G0xx_HAL_Driver/Src/stm32g0xx_hal_i2c.c:6168:13:I2C_DMASlaveTransmitCplt	24	static
../Drivers/STM32G0xx_HAL_Driver/Src/stm32g0xx_hal_i2c.c:6193:13:I2C_DMAMasterReceiveCplt	24	static
../Drivers/STM32G0xx_HAL_Driver/Src/stm32g0xx_hal_i2c.c:6235:13:I2C_DMASlaveReceiveCplt	24	static
../Drivers/STM32G0xx_HAL_Driver/Src/stm32g0xx_hal_i2c.c:6260:13:I2C_DMAError	24	static
../Drivers/STM32G0xx_HAL_Driver/Src/stm32g0xx_hal_i2c.c:6278:13:I2C_DMAAbort	24	static
../Drivers/STM32G0xx_HAL_Driver/Src/stm32g0xx_hal_i2c.c:6305:26:I2C_WaitOnFlagUntilTimeout	24	static
../Drivers/STM32G0xx_HAL_Driver/Src/stm32g0xx_hal_i2c.c:6339:26:I2C_WaitOnTXISFlagUntilTimeout	24	static
../Drivers/STM32G0xx_HAL_Driver/Src/stm32g0xx_hal_i2c.c:6374:26:I2C_WaitOnSTOPFlagUntilTimeout	24	static
../Drivers/STM32G0xx_HAL_Driver/Src/stm32g0xx_hal_i2c.c:6407:26:I2C_WaitOnRXNEFlagUntilTimeout	32	static
../Drivers/STM32G0xx_HAL_Driver/Src/stm32g0xx_hal_i2c.c:6478:26:I2C_IsErrorOccurred	56	static
../Drivers/STM32G0xx_HAL_Driver/Src/stm32g0xx_hal_i2c.c:6609:13:I2C_TransferConfig	40	static
../Drivers/STM32G0xx_HAL_Driver/Src/stm32g0xx_hal_i2c.c:6634:13:I2C_Enable_IRQ	24	static
../Drivers/STM32G0xx_HAL_Driver/Src/stm32g0xx_hal_i2c.c:6715:13:I2C_Disable_IRQ	24	static
../Drivers/STM32G0xx_HAL_Driver/Src/stm32g0xx_hal_i2c.c:6771:13:I2C_ConvertOtherXferOptions	16	static
