../Drivers/STM32G0xx_HAL_Driver/Src/stm32g0xx_hal_pwr_ex.c:131:6:HAL_PWREx_EnableBatteryCharging	24	static
../Drivers/STM32G0xx_HAL_Driver/Src/stm32g0xx_hal_pwr_ex.c:144:6:HAL_PWREx_DisableBatteryCharging	8	static
../Drivers/STM32G0xx_HAL_Driver/Src/stm32g0xx_hal_pwr_ex.c:156:6:HAL_PWREx_EnablePORMonitorSampling	8	static
../Drivers/STM32G0xx_HAL_Driver/Src/stm32g0xx_hal_pwr_ex.c:164:6:HAL_PWREx_DisablePORMonitorSampling	8	static
../Drivers/STM32G0xx_HAL_Driver/Src/stm32g0xx_hal_pwr_ex.c:181:19:HAL_PWREx_ConfigPVD	16	static
../Drivers/STM32G0xx_HAL_Driver/Src/stm32g0xx_hal_pwr_ex.c:221:6:HAL_PWREx_EnablePVD	8	static
../Drivers/STM32G0xx_HAL_Driver/Src/stm32g0xx_hal_pwr_ex.c:229:6:HAL_PWREx_DisablePVD	8	static
../Drivers/STM32G0xx_HAL_Driver/Src/stm32g0xx_hal_pwr_ex.c:366:6:HAL_PWREx_EnableInternalWakeUpLine	8	static
../Drivers/STM32G0xx_HAL_Driver/Src/stm32g0xx_hal_pwr_ex.c:374:6:HAL_PWREx_DisableInternalWakeUpLine	8	static
../Drivers/STM32G0xx_HAL_Driver/Src/stm32g0xx_hal_pwr_ex.c:397:19:HAL_PWREx_EnableGPIOPullUp	24	static
../Drivers/STM32G0xx_HAL_Driver/Src/stm32g0xx_hal_pwr_ex.c:456:19:HAL_PWREx_DisableGPIOPullUp	24	static
../Drivers/STM32G0xx_HAL_Driver/Src/stm32g0xx_hal_pwr_ex.c:516:19:HAL_PWREx_EnableGPIOPullDown	24	static
../Drivers/STM32G0xx_HAL_Driver/Src/stm32g0xx_hal_pwr_ex.c:576:19:HAL_PWREx_DisableGPIOPullDown	24	static
../Drivers/STM32G0xx_HAL_Driver/Src/stm32g0xx_hal_pwr_ex.c:627:6:HAL_PWREx_EnablePullUpPullDownConfig	8	static
../Drivers/STM32G0xx_HAL_Driver/Src/stm32g0xx_hal_pwr_ex.c:637:6:HAL_PWREx_DisablePullUpPullDownConfig	8	static
../Drivers/STM32G0xx_HAL_Driver/Src/stm32g0xx_hal_pwr_ex.c:648:6:HAL_PWREx_EnableSRAMRetention	8	static
../Drivers/STM32G0xx_HAL_Driver/Src/stm32g0xx_hal_pwr_ex.c:658:6:HAL_PWREx_DisableSRAMRetention	8	static
../Drivers/STM32G0xx_HAL_Driver/Src/stm32g0xx_hal_pwr_ex.c:673:6:HAL_PWREx_EnableFlashPowerDown	16	static
../Drivers/STM32G0xx_HAL_Driver/Src/stm32g0xx_hal_pwr_ex.c:689:6:HAL_PWREx_DisableFlashPowerDown	16	static
../Drivers/STM32G0xx_HAL_Driver/Src/stm32g0xx_hal_pwr_ex.c:701:10:HAL_PWREx_GetVoltageRange	8	static
../Drivers/STM32G0xx_HAL_Driver/Src/stm32g0xx_hal_pwr_ex.c:725:19:HAL_PWREx_ControlVoltageScaling	24	static
../Drivers/STM32G0xx_HAL_Driver/Src/stm32g0xx_hal_pwr_ex.c:759:6:HAL_PWREx_EnableLowPowerRunMode	8	static
../Drivers/STM32G0xx_HAL_Driver/Src/stm32g0xx_hal_pwr_ex.c:772:19:HAL_PWREx_DisableLowPowerRunMode	16	static
../Drivers/STM32G0xx_HAL_Driver/Src/stm32g0xx_hal_pwr_ex.c:809:6:HAL_PWREx_EnterSHUTDOWNMode	8	static,ignoring_inline_asm
../Drivers/STM32G0xx_HAL_Driver/Src/stm32g0xx_hal_pwr_ex.c:902:6:HAL_PWREx_PVD_IRQHandler	8	static
../Drivers/STM32G0xx_HAL_Driver/Src/stm32g0xx_hal_pwr_ex.c:926:13:HAL_PWREx_PVD_Rising_Callback	8	static
../Drivers/STM32G0xx_HAL_Driver/Src/stm32g0xx_hal_pwr_ex.c:936:13:HAL_PWREx_PVD_Falling_Callback	8	static
