../Drivers/CMSIS/Include/core_cm0plus.h:985:34:__NVIC_SystemReset	8	static,ignoring_inline_asm
../Core/Src/main.c:75:6:HAL_TIM_PeriodElapsedCallback	16	static
../Core/Src/main.c:89:5:main	64	static
../Core/Src/main.c:324:6:SystemClock_Config	88	static
../Core/Src/main.c:372:13:MX_I2C2_Init	8	static
../Core/Src/main.c:420:13:MX_TIM17_Init	8	static
../Core/Src/main.c:452:13:MX_USART2_UART_Init	8	static
../Core/Src/main.c:488:13:MX_GPIO_Init	56	static
../Core/Src/main.c:561:6:Error_Handler	8	static,ignoring_inline_asm
